Jatin Madineni@DESKTOP-6TI5BCT MINGW64 ~
$ ls
cdssetup/  roboVITICS/

Jatin Madineni@DESKTOP-6TI5BCT MINGW64 ~
$ cd roboVITICS/

Jatin Madineni@DESKTOP-6TI5BCT MINGW64 ~/roboVITICS (master)
$ mkdir git

Jatin Madineni@DESKTOP-6TI5BCT MINGW64 ~/roboVITICS (master)
$ cd git

Jatin Madineni@DESKTOP-6TI5BCT MINGW64 ~/roboVITICS/git (master)
$ ls

Jatin Madineni@DESKTOP-6TI5BCT MINGW64 ~/roboVITICS/git (master)
$ git init
Initialized empty Git repository in C:/Users/Jatin Madineni/AppData/Roaming/SPB_Data/roboVITICS/git/.git/

Jatin Madineni@DESKTOP-6TI5BCT MINGW64 ~/roboVITICS/git (master)
$ touch a.txt

Jatin Madineni@DESKTOP-6TI5BCT MINGW64 ~/roboVITICS/git (master)
$ ls
a.txt

Jatin Madineni@DESKTOP-6TI5BCT MINGW64 ~/roboVITICS/git (master)
$ git status
On branch master

No commits yet

Untracked files:
  (use "git add <file>..." to include in what will be committed)
        a.txt

nothing added to commit but untracked files present (use "git add" to track)

Jatin Madineni@DESKTOP-6TI5BCT MINGW64 ~/roboVITICS/git (master)
$ git add a.txt

Jatin Madineni@DESKTOP-6TI5BCT MINGW64 ~/roboVITICS/git (master)
$ git status
On branch master

No commits yet

Changes to be committed:
  (use "git rm --cached <file>..." to unstage)
        new file:   a.txt


Jatin Madineni@DESKTOP-6TI5BCT MINGW64 ~/roboVITICS/git (master)
$ git commit -m "a.txt has been added"
[master (root-commit) 61f7507] a.txt has been added
 1 file changed, 0 insertions(+), 0 deletions(-)
 create mode 100644 a.txt

Jatin Madineni@DESKTOP-6TI5BCT MINGW64 ~/roboVITICS/git (master)
$ git log
commit 61f7507528e5c0304ca5d5f99fb801f08f073b3c (HEAD -> master)
Author: Jatin Madineni <jtmadineni@gmail.com>
Date:   Fri Jan 29 21:35:09 2021 +0530

    a.txt has been added

Jatin Madineni@DESKTOP-6TI5BCT MINGW64 ~/roboVITICS/git (master)
$ ls -a
./  ../  .git/  a.txt

Jatin Madineni@DESKTOP-6TI5BCT MINGW64 ~/roboVITICS/git (master)
$ ls
a.txt

Jatin Madineni@DESKTOP-6TI5BCT MINGW64 ~/roboVITICS/git (master)
$ cd .git

Jatin Madineni@DESKTOP-6TI5BCT MINGW64 ~/roboVITICS/git/.git (GIT_DIR!)
$ ls
COMMIT_EDITMSG  config       hooks/  info/  objects/
HEAD            description  index   logs/  refs/

Jatin Madineni@DESKTOP-6TI5BCT MINGW64 ~/roboVITICS/git/.git (GIT_DIR!)
$ .. cd
bash: ..: command not found

Jatin Madineni@DESKTOP-6TI5BCT MINGW64 ~/roboVITICS/git/.git (GIT_DIR!)
$ cd ..

Jatin Madineni@DESKTOP-6TI5BCT MINGW64 ~/roboVITICS/git (master)
$ git log
commit 61f7507528e5c0304ca5d5f99fb801f08f073b3c (HEAD -> master)
Author: Jatin Madineni <jtmadineni@gmail.com>
Date:   Fri Jan 29 21:35:09 2021 +0530

    a.txt has been added

Jatin Madineni@DESKTOP-6TI5BCT MINGW64 ~/roboVITICS/git (master)
$ git log --oneline
61f7507 (HEAD -> master) a.txt has been added

Jatin Madineni@DESKTOP-6TI5BCT MINGW64 ~/roboVITICS/git (master)
$ touch b.txt

Jatin Madineni@DESKTOP-6TI5BCT MINGW64 ~/roboVITICS/git (master)
$ git log
commit 61f7507528e5c0304ca5d5f99fb801f08f073b3c (HEAD -> master)
Author: Jatin Madineni <jtmadineni@gmail.com>
Date:   Fri Jan 29 21:35:09 2021 +0530

    a.txt has been added

Jatin Madineni@DESKTOP-6TI5BCT MINGW64 ~/roboVITICS/git (master)
$ git add .

Jatin Madineni@DESKTOP-6TI5BCT MINGW64 ~/roboVITICS/git (master)
$ git commit -m "add b.txt"
[master 8a8e435] add b.txt
 1 file changed, 0 insertions(+), 0 deletions(-)
 create mode 100644 b.txt

Jatin Madineni@DESKTOP-6TI5BCT MINGW64 ~/roboVITICS/git (master)
$ git log
commit 8a8e4359b01bd9d4ceeffd1335be28073a0b8a98 (HEAD -> master)
Author: Jatin Madineni <jtmadineni@gmail.com>
Date:   Fri Jan 29 21:49:53 2021 +0530

    add b.txt

commit 61f7507528e5c0304ca5d5f99fb801f08f073b3c
Author: Jatin Madineni <jtmadineni@gmail.com>
Date:   Fri Jan 29 21:35:09 2021 +0530

    a.txt has been added

Jatin Madineni@DESKTOP-6TI5BCT MINGW64 ~/roboVITICS/git (master)
$ git log --oneline
8a8e435 (HEAD -> master) add b.txt
61f7507 a.txt has been added

Jatin Madineni@DESKTOP-6TI5BCT MINGW64 ~/roboVITICS/git (master)
$ add b.txt
bash: add: command not found

Jatin Madineni@DESKTOP-6TI5BCT MINGW64 ~/roboVITICS/git (master)
$ git log --oneline
8a8e435 (HEAD -> master) add b.txt
61f7507 a.txt has been added

Jatin Madineni@DESKTOP-6TI5BCT MINGW64 ~/roboVITICS/git (master)
$ git checkout

Jatin Madineni@DESKTOP-6TI5BCT MINGW64 ~/roboVITICS/git (master)
$ git branch
* master

Jatin Madineni@DESKTOP-6TI5BCT MINGW64 ~/roboVITICS/git (master)
$ git checkout -b second
Switched to a new branch 'second'

Jatin Madineni@DESKTOP-6TI5BCT MINGW64 ~/roboVITICS/git (second)
$ git branch
  master
* second

Jatin Madineni@DESKTOP-6TI5BCT MINGW64 ~/roboVITICS/git (second)
$ touch c.text

Jatin Madineni@DESKTOP-6TI5BCT MINGW64 ~/roboVITICS/git (second)
$ add .
bash: add: command not found

Jatin Madineni@DESKTOP-6TI5BCT MINGW64 ~/roboVITICS/git (second)
$ git add .

Jatin Madineni@DESKTOP-6TI5BCT MINGW64 ~/roboVITICS/git (second)
$ git comit -m "c is there"
git: 'comit' is not a git command. See 'git --help'.

The most similar command is
        commit

Jatin Madineni@DESKTOP-6TI5BCT MINGW64 ~/roboVITICS/git (second)
$ git commit -m "c is there"
[second 6b0fc92] c is there
 1 file changed, 0 insertions(+), 0 deletions(-)
 create mode 100644 c.text

Jatin Madineni@DESKTOP-6TI5BCT MINGW64 ~/roboVITICS/git (second)
$ git merge master
Already up to date.

Jatin Madineni@DESKTOP-6TI5BCT MINGW64 ~/roboVITICS/git (second)
$ git merge second master
Already up to date.

Jatin Madineni@DESKTOP-6TI5BCT MINGW64 ~/roboVITICS/git (second)
$ git checout master
git: 'checout' is not a git command. See 'git --help'.

The most similar command is
        checkout

Jatin Madineni@DESKTOP-6TI5BCT MINGW64 ~/roboVITICS/git (second)
$ git checkout master
Switched to branch 'master'

Jatin Madineni@DESKTOP-6TI5BCT MINGW64 ~/roboVITICS/git (master)
$ git checkout

Jatin Madineni@DESKTOP-6TI5BCT MINGW64 ~/roboVITICS/git (master)
$ git branch
* master
  second

Jatin Madineni@DESKTOP-6TI5BCT MINGW64 ~/roboVITICS/git (master)
$ git log --oneline
8a8e435 (HEAD -> master) add b.txt
61f7507 a.txt has been added

Jatin Madineni@DESKTOP-6TI5BCT MINGW64 ~/roboVITICS/git (master)
$ git merge second master
Updating 8a8e435..6b0fc92
Fast-forward
 c.text | 0
 1 file changed, 0 insertions(+), 0 deletions(-)
 create mode 100644 c.text

Jatin Madineni@DESKTOP-6TI5BCT MINGW64 ~/roboVITICS/git (master)
$ touch a.py

Jatin Madineni@DESKTOP-6TI5BCT MINGW64 ~/roboVITICS/git (master)
$ pwd
/c/Users/Jatin Madineni/AppData/Roaming/SPB_Data/roboVITICS/git

Jatin Madineni@DESKTOP-6TI5BCT MINGW64 ~/roboVITICS/git (master)
$ git log
commit 6b0fc926b100cc233abff7b2031305c419c19d89 (HEAD -> master, second)
Author: Jatin Madineni <jtmadineni@gmail.com>
Date:   Fri Jan 29 22:04:47 2021 +0530

    c is there

commit 8a8e4359b01bd9d4ceeffd1335be28073a0b8a98
Author: Jatin Madineni <jtmadineni@gmail.com>
Date:   Fri Jan 29 21:49:53 2021 +0530

    add b.txt

commit 61f7507528e5c0304ca5d5f99fb801f08f073b3c
Author: Jatin Madineni <jtmadineni@gmail.com>
Date:   Fri Jan 29 21:35:09 2021 +0530

    a.txt has been added

Jatin Madineni@DESKTOP-6TI5BCT MINGW64 ~/roboVITICS/git (master)
$ git log --oneline
6b0fc92 (HEAD -> master, second) c is there
8a8e435 add b.txt
61f7507 a.txt has been added

Jatin Madineni@DESKTOP-6TI5BCT MINGW64 ~/roboVITICS/git (master)
$ git checkout 6b0fc92
Note: switching to '6b0fc92'.

You are in 'detached HEAD' state. You can look around, make experimental
changes and commit them, and you can discard any commits you make in this
state without impacting any branches by switching back to a branch.

If you want to create a new branch to retain commits you create, you may
[detached HEAD 959ff4e] Revert "a.txt has been added"
 1 file changed, 0 insertions(+), 0 deletions(-)
 delete mode 100644 a.txt

Jatin Madineni@DESKTOP-6TI5BCT MINGW64 ~/roboVITICS/git ((959ff4e...))
$ git remote add origin https://github.com/JT-M-git/GitSessions.git

Jatin Madineni@DESKTOP-6TI5BCT MINGW64 ~/roboVITICS/git ((959ff4e...))
$ git checkout master
Warning: you are leaving 1 commit behind, not connected to
any of your branches:

  959ff4e Revert "a.txt has been added"

If you want to keep it by creating a new branch, this may be a good time
to do so with:

 git branch <new-branch-name> 959ff4e

Switched to branch 'master'

Jatin Madineni@DESKTOP-6TI5BCT MINGW64 ~/roboVITICS/git (master)
$ git branch -M main

Jatin Madineni@DESKTOP-6TI5BCT MINGW64 ~/roboVITICS/git (main)
$ git branch
* main
  second

Jatin Madineni@DESKTOP-6TI5BCT MINGW64 ~/roboVITICS/git (main)
$ git push -u origin main
Enumerating objects: 7, done.
Counting objects: 100% (7/7), done.
Delta compression using up to 4 threads
Compressing objects: 100% (5/5), done.
Writing objects: 100% (7/7), 596 bytes | 85.00 KiB/s, done.
Total 7 (delta 1), reused 0 (delta 0), pack-reused 0
remote: Resolving deltas: 100% (1/1), done.
To https://github.com/JT-M-git/GitSessions.git
 * [new branch]      main -> main
Branch 'main' set up to track remote branch 'main' from 'origin'.

Jatin Madineni@DESKTOP-6TI5BCT MINGW64 ~/roboVITICS/git (main)
$ git log --online
fatal: unrecognized argument: --online

Jatin Madineni@DESKTOP-6TI5BCT MINGW64 ~/roboVITICS/git (main)
$ git log  --oneline
6b0fc92 (HEAD -> main, origin/main, second) c is there
8a8e435 add b.txt
61f7507 a.txt has been added

Jatin Madineni@DESKTOP-6TI5BCT MINGW64 ~/roboVITICS/git (main)
$ touch d.txt

Jatin Madineni@DESKTOP-6TI5BCT MINGW64 ~/roboVITICS/git (main)
$ git add .

Jatin Madineni@DESKTOP-6TI5BCT MINGW64 ~/roboVITICS/git (main)
$ git commit -m "Latest"
[main 0f6b757] Latest
 2 files changed, 0 insertions(+), 0 deletions(-)
 create mode 100644 a.py
 create mode 100644 d.txt

Jatin Madineni@DESKTOP-6TI5BCT MINGW64 ~/roboVITICS/git (main)
$ git log
commit 0f6b7574074452d8d561e1098ab9b923573f6c07 (HEAD -> main)
Author: Jatin Madineni <jtmadineni@gmail.com>
Date:   Fri Jan 29 23:01:10 2021 +0530

    Latest

commit 6b0fc926b100cc233abff7b2031305c419c19d89 (origin/main, second)
Author: Jatin Madineni <jtmadineni@gmail.com>
Date:   Fri Jan 29 22:04:47 2021 +0530

    c is there

commit 8a8e4359b01bd9d4ceeffd1335be28073a0b8a98
Author: Jatin Madineni <jtmadineni@gmail.com>
Date:   Fri Jan 29 21:49:53 2021 +0530

    add b.txt

commit 61f7507528e5c0304ca5d5f99fb801f08f073b3c
Author: Jatin Madineni <jtmadineni@gmail.com>
Date:   Fri Jan 29 21:35:09 2021 +0530

    a.txt has been added

Jatin Madineni@DESKTOP-6TI5BCT MINGW64 ~/roboVITICS/git (main)
$ git log --oneline
0f6b757 (HEAD -> main) Latest
6b0fc92 (origin/main, second) c is there
8a8e435 add b.txt
61f7507 a.txt has been added

Jatin Madineni@DESKTOP-6TI5BCT MINGW64 ~/roboVITICS/git (main)
$ git push
Enumerating objects: 3, done.
Counting objects: 100% (3/3), done.
Delta compression using up to 4 threads
Compressing objects: 100% (2/2), done.
Writing objects: 100% (2/2), 248 bytes | 124.00 KiB/s, done.
Total 2 (delta 0), reused 0 (delta 0), pack-reused 0
To https://github.com/JT-M-git/GitSessions.git
   6b0fc92..0f6b757  main -> main

Jatin Madineni@DESKTOP-6TI5BCT MINGW64 ~/roboVITICS/git (main)
$ git push origin second
Total 0 (delta 0), reused 0 (delta 0), pack-reused 0
remote:
remote: Create a pull request for 'second' on GitHub by visiting:
remote:      https://github.com/JT-M-git/GitSessions/pull/new/second
remote:
To https://github.com/JT-M-git/GitSessions.git
 * [new branch]      second -> second

Jatin Madineni@DESKTOP-6TI5BCT MINGW64 ~/roboVITICS/git (main)
$ git pull
remote: Enumerating objects: 4, done.
remote: Counting objects: 100% (4/4), done.
remote: Compressing objects: 100% (2/2), done.
remote: Total 3 (delta 1), reused 0 (delta 0), pack-reused 0
Unpacking objects: 100% (3/3), 656 bytes | 5.00 KiB/s, done.
From https://github.com/JT-M-git/GitSessions
   0f6b757..25b8b66  main       -> origin/main
Updating 0f6b757..25b8b66
Fast-forward
 README.md | 1 +
 1 file changed, 1 insertion(+)
 create mode 100644 README.md

Jatin Madineni@DESKTOP-6TI5BCT MINGW64 ~/roboVITICS/git (main)
$ git log --oneline
25b8b66 (HEAD -> main, origin/main) Create README.md
0f6b757 Latest
6b0fc92 (origin/second, second) c is there
8a8e435 add b.txt
61f7507 a.txt has been added

Jatin Madineni@DESKTOP-6TI5BCT MINGW64 ~/roboVITICS/git (main)
$ git add .

Jatin Madineni@DESKTOP-6TI5BCT MINGW64 ~/roboVITICS/git (main)
$ git commit -m "added second line in read me"
On branch main
Your branch is up to date with 'origin/main'.

nothing to commit, working tree clean

Jatin Madineni@DESKTOP-6TI5BCT MINGW64 ~/roboVITICS/git (main)
$ git clone https://github.com/hharddy/JavaFX-Login-Form.git
Cloning into 'JavaFX-Login-Form'...
remote: Enumerating objects: 64, done.
remote: Total 64 (delta 0), reused 0 (delta 0), pack-reused 64
Receiving objects: 100% (64/64), 78.02 KiB | 205.00 KiB/s, done.
Resolving deltas: 100% (16/16), done.

Jatin Madineni@DESKTOP-6TI5BCT MINGW64 ~/roboVITICS/git (main)
$ touch a.py

Jatin Madineni@DESKTOP-6TI5BCT MINGW64 ~/roboVITICS/git (main)
$ add .
bash: add: command not found

Jatin Madineni@DESKTOP-6TI5BCT MINGW64 ~/roboVITICS/git (main)
$ git add .
warning: adding embedded git repository: JavaFX-Login-Form
hint: You've added another git repository inside your current repository.
hint: Clones of the outer repository will not contain the contents of
hint: the embedded repository and will not know how to obtain it.
hint: If you meant to add a submodule, use:
hint:
hint:   git submodule add <url> JavaFX-Login-Form
hint:
hint: If you added this path by mistake, you can remove it from the
hint: index with:
hint:
hint:   git rm --cached JavaFX-Login-Form
hint:
hint: See "git help submodule" for more information.

Jatin Madineni@DESKTOP-6TI5BCT MINGW64 ~/roboVITICS/git (main)
$ git commit -m "added python"
[main da64082] added python
 1 file changed, 1 insertion(+)
 create mode 160000 JavaFX-Login-Form

Jatin Madineni@DESKTOP-6TI5BCT MINGW64 ~/roboVITICS/git (main)
$ git status
On branch main
Your branch is ahead of 'origin/main' by 1 commit.
  (use "git push" to publish your local commits)

nothing to commit, working tree clean

Jatin Madineni@DESKTOP-6TI5BCT MINGW64 ~/roboVITICS/git (main)
$ git push
Enumerating objects: 3, done.
Counting objects: 100% (3/3), done.
Delta compression using up to 4 threads
Compressing objects: 100% (2/2), done.
Writing objects: 100% (2/2), 272 bytes | 272.00 KiB/s, done.
Total 2 (delta 1), reused 0 (delta 0), pack-reused 0
remote: Resolving deltas: 100% (1/1), completed with 1 local object.
To https://github.com/JT-M-git/GitSessions.git
   25b8b66..da64082  main -> main

Jatin Madineni@DESKTOP-6TI5BCT MINGW64 ~/roboVITICS/git (main)
$ git status
On branch main
Your branch is up to date with 'origin/main'.

nothing to commit, working tree clean

Jatin Madineni@DESKTOP-6TI5BCT MINGW64 ~/roboVITICS/git (main)
$
